// Jest Snapshot v1, https://goo.gl/fbAQLP

exports[`ExpenseDashboardPage component rendering:  should render ExpenseDashboardPage correctly 1`] = `
<div>
  <Connect(ExpenseList) />
  <Connect(ExpenseListFilters) />
</div>
`;
