// Jest Snapshot v1, https://goo.gl/fbAQLP

exports[`LoginPage component rendering:  should render LoginPage correctly 1`] = `
<button>
  Login
</button>
`;
